android.widget.Button**onClick1,onClick2*my.custom.ClassName
