EXTEND_CLASS: android.view.ViewGroup - EXTEND_HASH:  - OVERRIDDEN_METHODS:  - JAVA_FILE: asd.asd.As

