android.view.ViewGroup*_frnal_prepareExtend_l62_c37__MyClass*MyClassMethod1,MyClassMethod2*