android.widget.Button2222*_fparsed_l2_c46__NormalClassName*onClick222222,onClick222222222222*
