EXTEND_CLASS: android.widget.Button1111111111 - EXTEND_HASH:  - OVERRIDDEN_METHODS: onClick111111,onClick111111111 - JAVA_FILE: my.custom.ClassFromOrigina1111111
EXTEND_CLASS: android.widget.Button22222222 - EXTEND_HASH:  - OVERRIDDEN_METHODS: onClick222222,onClick222222222 - JAVA_FILE: my.custom.ClassFromOrigina2222222222
EXTEND_CLASS: android.widget.Button333333 - EXTEND_HASH:  - OVERRIDDEN_METHODS: onClick33333,onClick333333333 - JAVA_FILE: my.custom.ClassFromOrigina3333333333
EXTEND_CLASS: android.widget.Button44444444 - EXTEND_HASH:  - OVERRIDDEN_METHODS: onClick4444,onClick4444444 - JAVA_FILE: my.custom.ClassFromOrigina44444

